// Jest Snapshot v1, https://goo.gl/fbAQLP

exports[`takes photo, identifies face on it and compares two photos 1`] = `
Array [
  "facesComparingResult",
  Object {
    "facesComparingResult": Object {
      "is_match": true,
      "status": "COM",
    },
    "selfiePhoto": "data:image/png;base64,iVBORw0KGgoAAAANSUhEUgAAAQYAAACaCAYAAABL5uawAAAHaUlEQVR4Xu3cP4ylZRUH4PPeO4s1CZCYUJA47hJiJZWVS2cBGgu1IksI7C4hVFphATRWSCWBWQRpTEy2MBoTjRVUhIKKAO4fEgoDha2N7sz3kpmNcVk2vEs4O9w57zPl5t1zv99zvvxy79x7p4UfAgQIXCfQiBAgQOB6AcXgniBA4HMCisFNQYCAYnAPECAwFvCMYWzkBIHpBBTDdCsXmMBYQDGMjZwgMJ2AYphu5QITGAsohrGREwSmE1AM061cYAJjAcUwNnKCwHQCimG6lQtMYCygGMZGThCYTkAxTLdygQmMBRTD2MgJAtMJKIbpVi4wgbGAYhgbOUFgOgHFMN3KBSYwFlAMYyMnCEwnoBimW7nABMYCimFs5ASB6QQUw3QrF5jAWEAxjI2cIDCdgGKYbuUCExgLKIaxkRMEphNQDNOtXGACYwHFMDZygsB0AophupULTGAsoBjGRk4QmE5AMUy3coEJjAUUw9jICQLTCSiG6VYuMIGxgGIYGzlBYDoBxTDdygUmMBZQDGMjJwhMJ6AYplu5wATGAophbOQEgekEFMN0KxeYwFhAMYyNnCAwnYBimG7lAhMYCyiGsZETBKYTUAzTrVxgAmMBxTA2coLAdAKKYbqVC0xgLKAYxkZOEJhOQDFMt3KBCYwFFMPYyAkC0wkohulWLjCBsYBiGBs5QWA6AcUw3coFJjAWUAxjIycITCegGKZbucDb5658f7W3fLOv1/9et+WTfzx+2ztUPiugGNwR5QW2X7pychXLybZaf7dHf+hGgXuLN/b//dLpYw+UB7mJgIrhJpAcOZoCJ87t/nDpy49atEdvmKC1f0WPP0b0H/cW7ymG/ysphqN5z7vqLxDYf4bQ1vFM63Hy+mMt2t/7svfWEqs3Lj9x7OBZgp/PCygGd0UpgeMv/efZWK1PRfR7/hds/2VC21veVAY3v2rFcPNWTm6wwPbL/b622n2x9fhORNwRLd7rsdrpe8u7nhl8+cUphi9v5n9smMDxnd0/RPSfRWsfx9I/bKu2c+H01u837DKP1OUohiO1Lhd7rcDB7xJaPN9a3B8Rf4tlefviE994ltJXF1AMX93QhEMWOHj7cd1ORe+PHDx0a6+v+/rpD860Tw75Uso+nGIou9qawa795WKLeGtviaf9DiF/14oh39TEWyRwtRRWzxyMX5bnvMtwi6D3n4TdutEmE8gROPHylR/01h6M6E9GtI96i6cund76S850U24koBjcFxstcO1Lhx79/FY/9ssPzrZLG33RBS5OMRRYYsUI3/pt314tu6+0Je6LFne13h67cHbr1YpZNzGTYtjErUx+Tcd3rjwfET+/+rKhf+SLTYd/QyiGwzf3iDcQ2H6l371e9r7XY/lVRNvef9nQ2up3F09v/RXY4QsohsM394jXCVz7bsN+Iaza6k8+ufj13iaK4ev1n/rR7z3Xj/e++3qP+PbB9xsifn3xzLFfTI2yIeEVw4YsYrbLuPrpxfhNRLu9R7/Y29bDlx9v/5zNYVPzKoZN3Uzh6zqxs/uTHv2FiLh7/4NKvt+wectWDJu3k9JX9NmPNLefXjizdb504CMaTjEc0cUd1cs+sbP75/2/u7gs8YDvOGzuFhXD5u6m5JVtv9bvjP/GnZfPtvdLBiwSSjEUWaQYBDIFFEOmplkEiggohiKLFINApoBiyNQ0i0ARAcVQZJFiEMgUUAyZmmYRKCKgGIosUgwCmQKKIVPTLAJFBBRDkUWKQSBTQDFkappFoIiAYiiySDEIZAoohkxNswgUEVAMRRYpBoFMAcWQqWkWgSICiqHIIsUgkCmgGDI1zSJQREAxFFmkGAQyBRRDpqZZBIoIKIYiixSDQKaAYsjUNItAEQHFUGSRYhDIFFAMmZpmESgioBiKLFIMApkCiiFT0ywCRQQUQ5FFikEgU0AxZGqaRaCIgGIoskgxCGQKKIZMTbMIFBFQDEUWKQaBTAHFkKlpFoEiAoqhyCLFIJApoBgyNc0iUERAMRRZpBgEMgUUQ6amWQSKCCiGIosUg0CmgGLI1DSLQBEBxVBkkWIQyBRQDJmaZhEoIqAYiixSDAKZAoohU9MsAkUEFEORRYpBIFNAMWRqmkWgiIBiKLJIMQhkCiiGTE2zCBQRUAxFFikGgUwBxZCpaRaBIgKKocgixSCQKaAYMjXNIlBEQDEUWaQYBDIFFEOmplkEiggohiKLFINApoBiyNQ0i0ARAcVQZJFiEMgUUAyZmmYRKCKgGIosUgwCmQKKIVPTLAJFBBRDkUWKQSBTQDFkappFoIiAYiiySDEIZAoohkxNswgUEVAMRRYpBoFMAcWQqWkWgSICiqHIIsUgkCmgGDI1zSJQREAxFFmkGAQyBRRDpqZZBIoIKIYiixSDQKaAYsjUNItAEQHFUGSRYhDIFFAMmZpmESgioBiKLFIMApkCiiFT0ywCRQQUQ5FFikEgU0AxZGqaRaCIgGIoskgxCGQKKIZMTbMIFBFQDEUWKQaBTAHFkKlpFoEiAoqhyCLFIJAp8CkAmtmbi7vs2AAAAABJRU5ErkJggg==",
  },
]
`;
